------------------------------------------------------------
TimeQuest Timing Analyzer Summary
------------------------------------------------------------

Type  : Slow Model Setup 'clock'
Slack : -10.067
TNS   : -802.529

Type  : Slow Model Setup 'CLOCK_24[0]'
Slack : -9.860
TNS   : -42300.434

Type  : Slow Model Setup 'NesPpu:name|NES2C02:The_PPU|TileFetcher:fetchfecth|MemFetcher:Fetch|addressLatch'
Slack : -0.429
TNS   : -1.527

Type  : Slow Model Hold 'CLOCK_24[0]'
Slack : -2.689
TNS   : -2.689

Type  : Slow Model Hold 'NesPpu:name|NES2C02:The_PPU|TileFetcher:fetchfecth|MemFetcher:Fetch|addressLatch'
Slack : -0.005
TNS   : -0.011

Type  : Slow Model Hold 'clock'
Slack : 0.445
TNS   : 0.000

Type  : Slow Model Minimum Pulse Width 'CLOCK_24[0]'
Slack : -1.631
TNS   : -7578.031

Type  : Slow Model Minimum Pulse Width 'clock'
Slack : -0.611
TNS   : -151.528

Type  : Slow Model Minimum Pulse Width 'NesPpu:name|NES2C02:The_PPU|TileFetcher:fetchfecth|MemFetcher:Fetch|addressLatch'
Slack : 0.500
TNS   : 0.000

Type  : Fast Model Setup 'clock'
Slack : -3.472
TNS   : -240.539

Type  : Fast Model Setup 'CLOCK_24[0]'
Slack : -3.260
TNS   : -12507.017

Type  : Fast Model Setup 'NesPpu:name|NES2C02:The_PPU|TileFetcher:fetchfecth|MemFetcher:Fetch|addressLatch'
Slack : 0.097
TNS   : 0.000

Type  : Fast Model Hold 'CLOCK_24[0]'
Slack : -1.720
TNS   : -1.720

Type  : Fast Model Hold 'clock'
Slack : 0.215
TNS   : 0.000

Type  : Fast Model Hold 'NesPpu:name|NES2C02:The_PPU|TileFetcher:fetchfecth|MemFetcher:Fetch|addressLatch'
Slack : 0.402
TNS   : 0.000

Type  : Fast Model Minimum Pulse Width 'CLOCK_24[0]'
Slack : -1.380
TNS   : -6201.380

Type  : Fast Model Minimum Pulse Width 'clock'
Slack : -0.500
TNS   : -124.000

Type  : Fast Model Minimum Pulse Width 'NesPpu:name|NES2C02:The_PPU|TileFetcher:fetchfecth|MemFetcher:Fetch|addressLatch'
Slack : 0.500
TNS   : 0.000

------------------------------------------------------------
