#-----------------------------------------------------------
# Vivado v2017.4 (64-bit)
# SW Build 2086221 on Fri Dec 15 20:55:39 MST 2017
# IP Build 2085800 on Fri Dec 15 22:25:07 MST 2017
# Start of session at: Fri Mar  2 12:37:17 2018
# Process ID: 14488
# Current directory: C:/Users/Dingler/Documents/SourceTree/Hercu-NES/ProjectFiles/Simulation/CPU/SequencerDecoder
# Command line: vivado.exe -gui_launcher_event rodinguilauncherevent5760 C:\Users\Dingler\Documents\SourceTree\Hercu-NES\ProjectFiles\Simulation\CPU\SequencerDecoder\SequencerDecoder.xpr
# Log file: C:/Users/Dingler/Documents/SourceTree/Hercu-NES/ProjectFiles/Simulation/CPU/SequencerDecoder/vivado.log
# Journal file: C:/Users/Dingler/Documents/SourceTree/Hercu-NES/ProjectFiles/Simulation/CPU/SequencerDecoder\vivado.jou
#-----------------------------------------------------------
start_gui
open_project C:/Users/Dingler/Documents/SourceTree/Hercu-NES/ProjectFiles/Simulation/CPU/SequencerDecoder/SequencerDecoder.xpr
launch_simulation
source DecodeRom_TestBench.tcl
restart
run 10 us
restart
run 10 us
restart
run 10 us
close_sim
launch_simulation
source DecodeRom_TestBench.tcl
add_bp {C:/Users/Dingler/Documents/SourceTree/Hercu-NES/Code/CPU/SequencerDecoder/DecodeRom_TestBench.sv} 27
update_compile_order -fileset sim_1
close_sim
