#-----------------------------------------------------------
# Vivado v2017.4 (64-bit)
# SW Build 2086221 on Fri Dec 15 20:55:39 MST 2017
# IP Build 2085800 on Fri Dec 15 22:25:07 MST 2017
# Start of session at: Thu Apr 19 13:47:09 2018
# Process ID: 7368
# Current directory: C:/Users/RyanP/Documents/VivadoCPU
# Command line: vivado.exe -gui_launcher_event rodinguilauncherevent9044 C:\Users\RyanP\Documents\VivadoCPU\VivadoCPU.xpr
# Log file: C:/Users/RyanP/Documents/VivadoCPU/vivado.log
# Journal file: C:/Users/RyanP/Documents/VivadoCPU\vivado.jou
#-----------------------------------------------------------
start_gui
open_project C:/Users/RyanP/Documents/VivadoCPU/VivadoCPU.xpr
update_compile_order -fileset sources_1
launch_simulation
open_wave_config C:/Users/RyanP/Documents/VivadoCPU/testbench_behav.wcfg
source testbench.tcl
close_sim
launch_simulation
open_wave_config C:/Users/RyanP/Documents/VivadoCPU/testbench_behav.wcfg
source testbench.tcl
close_sim
launch_simulation
open_wave_config C:/Users/RyanP/Documents/VivadoCPU/testbench_behav.wcfg
source testbench.tcl
close_sim
launch_simulation
launch_simulation
open_wave_config C:/Users/RyanP/Documents/VivadoCPU/testbench_behav.wcfg
source testbench.tcl
close_sim
launch_simulation
open_wave_config C:/Users/RyanP/Documents/VivadoCPU/testbench_behav.wcfg
source testbench.tcl
close_sim
reset_run synth_1
launch_runs synth_1 -jobs 2
wait_on_run synth_1
launch_runs impl_1 -jobs 2
wait_on_run impl_1
launch_simulation
open_wave_config C:/Users/RyanP/Documents/VivadoCPU/testbench_behav.wcfg
source testbench.tcl
run all
reset_run synth_1
launch_runs synth_1 -jobs 2
wait_on_run synth_1
launch_runs impl_1 -jobs 2
wait_on_run impl_1
reset_run synth_1
launch_runs synth_1 -jobs 2
wait_on_run synth_1
close_sim
reset_run synth_1
launch_runs synth_1 -jobs 2
wait_on_run synth_1
launch_simulation
open_wave_config C:/Users/RyanP/Documents/VivadoCPU/testbench_behav.wcfg
source testbench.tcl
close_sim
reset_run synth_1
launch_runs synth_1 -jobs 2
wait_on_run synth_1
launch_simulation
open_wave_config C:/Users/RyanP/Documents/VivadoCPU/testbench_behav.wcfg
source testbench.tcl
reset_run synth_1
launch_runs synth_1 -jobs 2
wait_on_run synth_1
reset_run synth_1
launch_runs synth_1 -jobs 2
wait_on_run synth_1
close_sim
launch_simulation
open_wave_config C:/Users/RyanP/Documents/VivadoCPU/testbench_behav.wcfg
source testbench.tcl
close_sim
