#-----------------------------------------------------------
# Vivado v2017.3 (64-bit)
# SW Build 2018833 on Wed Oct  4 19:58:22 MDT 2017
# IP Build 2016188 on Wed Oct  4 21:52:56 MDT 2017
# Start of session at: Mon Nov 27 15:40:06 2017
# Process ID: 11172
# Current directory: C:/Users/RyanP/Documents/GitHub/Hercu-NES/Code/Vivado Simulation/Vivado_Simulation_old_verr
# Command line: vivado.exe -gui_launcher_event rodinguilauncherevent11988 C:\Users\RyanP\Documents\GitHub\Hercu-NES\Code\Vivado Simulation\Vivado_Simulation_old_verr\Vivado_Simulation_old_verr.xpr
# Log file: C:/Users/RyanP/Documents/GitHub/Hercu-NES/Code/Vivado Simulation/Vivado_Simulation_old_verr/vivado.log
# Journal file: C:/Users/RyanP/Documents/GitHub/Hercu-NES/Code/Vivado Simulation/Vivado_Simulation_old_verr\vivado.jou
#-----------------------------------------------------------
start_gui
open_project {C:/Users/RyanP/Documents/GitHub/Hercu-NES/Code/Vivado Simulation/Vivado_Simulation_old_verr/Vivado_Simulation_old_verr.xpr}
launch_simulation
source testbench.tcl
add_wave {{/testbench/theTestBoi/clkNE}} {{/testbench/theTestBoi/clkPE}} {{/testbench/theTestBoi/count}} {{/testbench/theTestBoi/data}} {{/testbench/theTestBoi/oldData}} {{/testbench/theTestBoi/olderData}} {{/testbench/theTestBoi/stage}} {{/testbench/theTestBoi/instruction}} {{/testbench/theTestBoi/programCounterPC}} {{/testbench/theTestBoi/accumulatorAC}} {{/testbench/theTestBoi/Xregister}} {{/testbench/theTestBoi/Yregister}} {{/testbench/theTestBoi/statusRegisterSR}} {{/testbench/theTestBoi/stackPointerSP}} 
restart
run 1 us
restart
run 1 us
close_sim
